Undefined {ub: "UB043_indirection_invalid_value", loc: "<6:3--6:5>"}
