Undefined {ub: "UB045a_division_by_zero", loc: "<3:7--3:10>"}
