Undefined {ub: "UB045b_modulo_by_zero", loc: "<3:7--3:10>"}
