Undefined {ub: "UB042_access_atomic_structUnion_member", loc: "<11:3--11:5>"}
