Undefined {ub: "UB043_indirection_invalid_value", loc: "<11:3--11:5>"}
