return code: 0
[1/2]: globals -- pass
[2/2]: main -- pass
