return code: 0
[1/3]: divide_no_parenthesis -- pass
[2/3]: multiply_then_divide -- pass
[3/3]: divide_multiply_add_subtract -- pass
