return code: 0
[1/4]: f1 -- pass
[2/4]: get_int_binop -- pass
[3/4]: call_site -- pass
[4/4]: main -- pass
