return code: 0
[1/4]: f1 -- pass
[2/4]: f2 -- pass
[3/4]: f3 -- pass
[4/4]: main -- pass
