return code: 0
[1/2]: test_cast_loc_to_various -- pass
[2/2]: main -- pass
