return code: 0
[1/2]: ffs -- pass
[2/2]: main -- pass
