return code: 0
[1/2]: cast -- pass
[2/2]: main -- pass
