return code: 0
[1/2]: foo_integer -- pass
[2/2]: foo -- pass
