return code: 0
[1/4]: split -- pass
[2/4]: merge -- pass
[3/4]: naive_mergesort -- pass
[4/4]: prove_merge_sorted -- pass
