return code: 1
tests/cn/mod_return_sign.error.c:7:27: error: Type error
    ensures return == x % y; @*/
                          ^
Expression 'y' has type 'u32'.
I expected it to have type 'i32' because of tests/cn/mod_return_sign.error.c:7:23:
    ensures return == x % y; @*/
                      ^
