return code: 1
[1/1]: mod -- fail
tests/cn/mod_by_0.error.c:6:12: error: Undefined behaviour
    return x % y;
           ~~^~~ 
the value of the second operand of a '%' operator is zero (ยง6.5.5#5, sentence 2)
State file: file:///tmp/state__mod_by_0.error.c__mod.html
