return code: 1
[1/1]: f -- fail
tests/cn/pointer_to_int_cast.error.c:3:3: error: integer value not representable at type signed int
  (int)&x;
  ^~~~~~~ 
Value: &x
State file: file:///tmp/state__pointer_to_int_cast.error.c__f.html
