return code: 1
[1/2]: live_owned_footprint -- fail
[2/2]: main -- pass
tests/cn/ptr_diff.error.c:13:10: error: Pointer `q` needs to be live for pointer difference
  return q - p;
         ~~^~~ 
Need an Alloc or Owned in context with same allocation id
State file: file:///tmp/state__ptr_diff.error.c__live_owned_footprint.html
