return code: 0
[1/2]: test_shift_sizes -- pass
[2/2]: main -- pass
