return code: 1
[1/1]: f -- fail
tests/cn/unconstrained_ptr_eq.error.c:7:5: error: Unprovable constraint
    return p == q;
    ^~~~~~~~~~~~~~ 
Constraint from tests/cn/unconstrained_ptr_eq.error.c:4:5:
    return == 0i32;
    ^~~~~~~~~~~~~~~ 
State file: file:///tmp/state__unconstrained_ptr_eq.error.c__f.html
