Undefined {ub: "UB043_indirection_invalid_value", stderr: "", loc: "<6:3--6:5>"}
