Undefined {ub: "UB064_modifying_const", stderr: "", loc: "<6:3--6:11>"}
