Undefined {ub: "UB_CHERI_InsufficientPermissions", stderr: "", loc: "<3:12--3:21>"}
