Undefined {ub: "UB064_modifying_const", stderr: "", loc: "<3:12--3:21>"}
