Undefined {ub: "UB033_modifying_string_literal", stderr: "", loc: "<5:3--5:15>"}
